current directory: /home/francium/ruby_practice/blog_app/vendor/bundle/ruby/3.2.0/gems/json-2.18.1/ext/json/ext/parser
/home/francium/.rbenv/versions/3.2.2/bin/ruby extconf.rb
checking for rb_enc_interned_str() in ruby/encoding.h... yes
checking for rb_str_to_interned_str() in ruby.h... yes
checking for rb_hash_new_capa() in ruby.h... yes
checking for rb_hash_bulk_insert() in ruby.h... yes
checking for whether -std=c99 is accepted as CFLAGS... no
checking for x86intrin.h... yes
checking for cpuid.h... yes
creating Makefile

current directory: /home/francium/ruby_practice/blog_app/vendor/bundle/ruby/3.2.0/gems/json-2.18.1/ext/json/ext/parser
make DESTDIR\= sitearchdir\=./.gem.20260310-245395-t6q1yw sitelibdir\=./.gem.20260310-245395-t6q1yw clean

current directory: /home/francium/ruby_practice/blog_app/vendor/bundle/ruby/3.2.0/gems/json-2.18.1/ext/json/ext/parser
make DESTDIR\= sitearchdir\=./.gem.20260310-245395-t6q1yw sitelibdir\=./.gem.20260310-245395-t6q1yw
compiling parser.c
linking shared-object json/ext/parser.so

current directory: /home/francium/ruby_practice/blog_app/vendor/bundle/ruby/3.2.0/gems/json-2.18.1/ext/json/ext/parser
make DESTDIR\= sitearchdir\=./.gem.20260310-245395-t6q1yw sitelibdir\=./.gem.20260310-245395-t6q1yw install
/usr/bin/install -c -m 0755 parser.so ./.gem.20260310-245395-t6q1yw/json/ext

current directory: /home/francium/ruby_practice/blog_app/vendor/bundle/ruby/3.2.0/gems/json-2.18.1/ext/json/ext/parser
make DESTDIR\= sitearchdir\=./.gem.20260310-245395-t6q1yw sitelibdir\=./.gem.20260310-245395-t6q1yw clean
