current directory: /home/francium/ruby_practice/blog_app/vendor/bundle/ruby/3.2.0/gems/ed25519-1.4.0/ext/ed25519_ref10
/home/francium/.rbenv/versions/3.2.2/bin/ruby extconf.rb
checking for whether -Wall is accepted as CFLAGS... yes
checking for whether -O3 is accepted as CFLAGS... yes
checking for whether -pedantic is accepted as CFLAGS... yes
checking for whether -std=c99 is accepted as CFLAGS... no
creating Makefile

current directory: /home/francium/ruby_practice/blog_app/vendor/bundle/ruby/3.2.0/gems/ed25519-1.4.0/ext/ed25519_ref10
make DESTDIR\= sitearchdir\=./.gem.20260310-245395-yb1ekp sitelibdir\=./.gem.20260310-245395-yb1ekp clean

current directory: /home/francium/ruby_practice/blog_app/vendor/bundle/ruby/3.2.0/gems/ed25519-1.4.0/ext/ed25519_ref10
make DESTDIR\= sitearchdir\=./.gem.20260310-245395-yb1ekp sitelibdir\=./.gem.20260310-245395-yb1ekp
compiling ed25519_ref10.c
compiling fe.c
compiling ge.c
compiling keypair.c
compiling open.c
compiling sc_muladd.c
compiling sc_reduce.c
compiling sha512.c
compiling sign.c
compiling verify.c
linking shared-object ed25519_ref10.so

current directory: /home/francium/ruby_practice/blog_app/vendor/bundle/ruby/3.2.0/gems/ed25519-1.4.0/ext/ed25519_ref10
make DESTDIR\= sitearchdir\=./.gem.20260310-245395-yb1ekp sitelibdir\=./.gem.20260310-245395-yb1ekp install
/usr/bin/install -c -m 0755 ed25519_ref10.so ./.gem.20260310-245395-yb1ekp

current directory: /home/francium/ruby_practice/blog_app/vendor/bundle/ruby/3.2.0/gems/ed25519-1.4.0/ext/ed25519_ref10
make DESTDIR\= sitearchdir\=./.gem.20260310-245395-yb1ekp sitelibdir\=./.gem.20260310-245395-yb1ekp clean
