current directory: /home/francium/ruby_practice/blog_app/vendor/bundle/ruby/3.2.0/gems/bcrypt-3.1.21/ext/mri
/home/francium/.rbenv/versions/3.2.2/bin/ruby extconf.rb
creating Makefile

current directory: /home/francium/ruby_practice/blog_app/vendor/bundle/ruby/3.2.0/gems/bcrypt-3.1.21/ext/mri
make DESTDIR\= sitearchdir\=./.gem.20260310-245395-d5y04p sitelibdir\=./.gem.20260310-245395-d5y04p clean

current directory: /home/francium/ruby_practice/blog_app/vendor/bundle/ruby/3.2.0/gems/bcrypt-3.1.21/ext/mri
make DESTDIR\= sitearchdir\=./.gem.20260310-245395-d5y04p sitelibdir\=./.gem.20260310-245395-d5y04p
compiling bcrypt_ext.c
compiling crypt_blowfish.c
gcc  -D__SKIP_GNU     -c -o x86.o x86.S
compiling crypt_gensalt.c
compiling wrapper.c
wrapper.c:182:60: warning: ‘struct crypt_data’ declared inside parameter list will not be visible outside of this definition or declaration
  182 | char *crypt_r(const char *key, const char *setting, struct crypt_data *data)
      |                                                            ^~~~~~~~~~
cc1: note: unrecognized command-line option ‘-Wno-self-assign’ may have been intended to silence earlier diagnostics
cc1: note: unrecognized command-line option ‘-Wno-parentheses-equality’ may have been intended to silence earlier diagnostics
cc1: note: unrecognized command-line option ‘-Wno-constant-logical-operand’ may have been intended to silence earlier diagnostics
linking shared-object bcrypt_ext.so

current directory: /home/francium/ruby_practice/blog_app/vendor/bundle/ruby/3.2.0/gems/bcrypt-3.1.21/ext/mri
make DESTDIR\= sitearchdir\=./.gem.20260310-245395-d5y04p sitelibdir\=./.gem.20260310-245395-d5y04p install
/usr/bin/install -c -m 0755 bcrypt_ext.so ./.gem.20260310-245395-d5y04p

current directory: /home/francium/ruby_practice/blog_app/vendor/bundle/ruby/3.2.0/gems/bcrypt-3.1.21/ext/mri
make DESTDIR\= sitearchdir\=./.gem.20260310-245395-d5y04p sitelibdir\=./.gem.20260310-245395-d5y04p clean
